// Jest Snapshot v1, https://goo.gl/fbAQLP

exports[`maps state and dispatch to props 1`] = `
Array [
  Object {
    "cisloClass": [Function],
    "duration": "PT4.95S",
    "id": 0,
    "onRemove": [Function],
  },
  Object {
    "cisloClass": [Function],
    "duration": "PT12.101S",
    "id": 1,
    "onRemove": [Function],
  },
  Object {
    "cislo": 8,
    "cisloClass": [Function],
    "duration": "PT2H32M14.2S",
    "id": 0,
    "onRemove": [Function],
  },
]
`;
