// Jest Snapshot v1, https://goo.gl/fbAQLP

exports[`not authenticated 1`] = `
Object {
  "code": "authentication token invalid",
  "status": "Špatný ověřovací token. Zkus se přihlásit znovu. Detaily: JsonWebTokenError: jwt must be provided",
}
`;

exports[`sendEmail successfully 1`] = `
Object {
  "code": "ok",
}
`;
