// Jest Snapshot v1, https://goo.gl/fbAQLP

exports[`dva nepřevzaté poháry 1`] = `
<div>
  <img
    alt="pohár - nepřevzato"
    className="Pohar"
    height={25.72}
    src="pohar_neprevzato.svg"
    title="pohár - nepřevzato"
    width={20.68}
  />
  <img
    alt="pohár - nepřevzato"
    className="Pohar"
    height={25.72}
    src="pohar_neprevzato.svg"
    title="pohár - nepřevzato"
    width={20.68}
  />
</div>
`;
