// Jest Snapshot v1, https://goo.gl/fbAQLP

exports[`renders 1`] = `
<div>
  <input
    className="Filterable_input"
    onBlur={[Function]}
    onChange={[Function]}
    onKeyDown={[Function]}
    placeholder="Filtr na příjmení a jméno"
    type="text"
    value=""
  />
  <div
    className="Filterable_kategorie btn-group"
  >
    <span
      className="KategorieFilter"
    >
      <button
        className="KategorieFilter--maraton--inactive btn btn-default"
        disabled={false}
        onClick={[Function]}
        type="button"
      >
        <span>
          <img
            alt="maraton"
            height={30}
            src="maraton.png"
            title="maraton"
          />
           
          maraton
        </span>
      </button>
    </span>
    <span
      className="KategorieFilter"
    >
      <button
        className="KategorieFilter--půlmaraton--inactive btn btn-default"
        disabled={false}
        onClick={[Function]}
        type="button"
      >
        <span>
          <img
            alt="půlmaraton"
            height={30}
            src="pulmaraton.png"
            title="půlmaraton"
          />
           
          půlmaraton
        </span>
      </button>
    </span>
    <span
      className="KategorieFilter"
    >
      <button
        className="KategorieFilter--cyklo--inactive btn btn-default"
        disabled={false}
        onClick={[Function]}
        type="button"
      >
        <span>
          <img
            alt="cyklo"
            height={30}
            src="cyklo.png"
            title="cyklo"
          />
           
          cyklo
        </span>
      </button>
    </span>
    <span
      className="KategorieFilter"
    >
      <button
        className="KategorieFilter--koloběžka--inactive btn btn-default"
        disabled={false}
        onClick={[Function]}
        type="button"
      >
        <span>
          <img
            alt="koloběžka"
            height={30}
            src="kolobezka.png"
            title="koloběžka"
          />
           
          koloběžka
        </span>
      </button>
    </span>
    <span
      className="KategorieFilter"
    >
      <button
        className="KategorieFilter--pěší--inactive btn btn-default"
        disabled={false}
        onClick={[Function]}
        type="button"
      >
        <span>
          <img
            alt="pěší"
            height={30}
            src="pesi.png"
            title="pěší"
          />
           
          pěší
        </span>
      </button>
    </span>
  </div>
  <span
    className="Filterable_zobrazeno"
  >
    zobrazeno: 
    <span
      className="badge"
    >
      0
    </span>
  </span>
</div>
`;
